error: no rules expected the token `->`
 --> $DIR/type-fn-return-eof.rs:5:21
  |
5 |     input = [{ fn() -> }]
  |                     ^^ no rules expected this token in macro call
