error: no rules expected the token `@`
 --> tests/ui/type-qpath-unexpected4.rs:5:24
  |
5 |     input = [{ <T as F @ }]
  |                        ^ no rules expected this token in macro call
