error: no rules expected the token `&`
 --> tests/ui/type-reference-ampersand.rs:5:16
  |
5 |     input = [{ & }]
  |                ^ no rules expected this token in macro call
  |
  = note: while trying to match end of macro
