error: no rules expected the token `,`
 --> $DIR/type-path-eof3.rs:6:19
  |
6 |     input = [{ S<T, }]
  |                   ^

error: aborting due to previous error

