error: no rules expected the token `dyn`
 --> $DIR/type-dyn-eof.rs:5:16
  |
5 |     input = [{ dyn }]
  |                ^^^ no rules expected this token in macro call
