error: no rules expected the token `'a`
 --> $DIR/type-reference-lifetime.rs:5:17
  |
5 |     input = [{ &'a }]
  |                 ^^ no rules expected this token in macro call
