error: no rules expected the token `<`
 --> $DIR/type-path-eof1.rs:5:17
  |
5 |     input = [{ S< }]
  |                 ^ no rules expected this token in macro call
