error: no rules expected the token `@`
 --> $DIR/type-fn-arg-unexpected.rs:5:19
  |
5 |     input = [{ fn(@) }]
  |                   ^ no rules expected this token in macro call
