error: no rules expected the token `>`
 --> $DIR/type-qpath-eof5.rs:5:23
  |
5 |     input = [{ <T as F> }]
  |                       ^ no rules expected this token in macro call
