error: no rules expected the token `@`
 --> tests/ui/type-qpath-unexpected6.rs:5:27
  |
5 |     input = [{ <T as F>:: @ }]
  |                           ^ no rules expected this token in macro call
  |
  = note: while trying to match end of macro
