error: no rules expected the token `T`
 --> $DIR/type-path-eof2.rs:5:18
  |
5 |     input = [{ S<T }]
  |                  ^ no rules expected this token in macro call
