error: no rules expected the token `impl`
 --> tests/ui/type-impl-eof.rs:5:16
  |
5 |     input = [{ impl }]
  |                ^^^^ no rules expected this token in macro call
  |
  = note: while trying to match end of macro
