error: no rules expected the token `mutable`
 --> $DIR/type-pointer-unexpected.rs:5:17
  |
5 |     input = [{ *mutable }]
  |                 ^^^^^^^ no rules expected this token in macro call
