error: no rules expected the token `@`
 --> $DIR/type-unexpected.rs:5:16
  |
5 |     input = [{ @ }]
  |                ^ no rules expected this token in macro call
