error: no rules expected the token `]`
 --> $DIR/tests/ui/type-array-no-len.rs:5:20
  |
5 |     input = [{ [T; ] }]
  |                    ^ no rules expected this token in macro call
