error: no rules expected the token `<`
 --> tests/ui/type-qpath-eof1.rs:5:16
  |
5 |     input = [{ < }]
  |                ^ no rules expected this token in macro call
  |
  = note: while trying to match end of macro
